Archive member included because of file (symbol)

/usr/lib/gcc/avr/4.5.3/avr5/libgcc.a(_exit.o)
                              /usr/lib/gcc/avr/4.5.3/../../../avr/lib/avr5/crtm16.o (exit)
/usr/lib/gcc/avr/4.5.3/avr5/libgcc.a(_addsub_sf.o)
                              main.o (__addsf3)
/usr/lib/gcc/avr/4.5.3/avr5/libgcc.a(_mul_sf.o)
                              main.o (__mulsf3)
/usr/lib/gcc/avr/4.5.3/avr5/libgcc.a(_div_sf.o)
                              main.o (__divsf3)
/usr/lib/gcc/avr/4.5.3/avr5/libgcc.a(_eq_sf.o)
                              main.o (__eqsf2)
/usr/lib/gcc/avr/4.5.3/avr5/libgcc.a(_gt_sf.o)
                              main.o (__gtsf2)
/usr/lib/gcc/avr/4.5.3/avr5/libgcc.a(_ge_sf.o)
                              main.o (__gesf2)
/usr/lib/gcc/avr/4.5.3/avr5/libgcc.a(_si_to_sf.o)
                              main.o (__floatsisf)
/usr/lib/gcc/avr/4.5.3/avr5/libgcc.a(_thenan_sf.o)
                              /usr/lib/gcc/avr/4.5.3/avr5/libgcc.a(_addsub_sf.o) (__thenan_sf)
/usr/lib/gcc/avr/4.5.3/avr5/libgcc.a(_prologue.o)
                              /usr/lib/gcc/avr/4.5.3/avr5/libgcc.a(_addsub_sf.o) (__prologue_saves__)
/usr/lib/gcc/avr/4.5.3/avr5/libgcc.a(_epilogue.o)
                              /usr/lib/gcc/avr/4.5.3/avr5/libgcc.a(_addsub_sf.o) (__epilogue_restores__)
/usr/lib/gcc/avr/4.5.3/avr5/libgcc.a(_copy_data.o)
                              /usr/lib/gcc/avr/4.5.3/avr5/libgcc.a(_thenan_sf.o) (__do_copy_data)
/usr/lib/gcc/avr/4.5.3/avr5/libgcc.a(_clzsi2.o)
                              /usr/lib/gcc/avr/4.5.3/avr5/libgcc.a(_si_to_sf.o) (__clzsi2)
/usr/lib/gcc/avr/4.5.3/avr5/libgcc.a(_pack_sf.o)
                              /usr/lib/gcc/avr/4.5.3/avr5/libgcc.a(_addsub_sf.o) (__pack_f)
/usr/lib/gcc/avr/4.5.3/avr5/libgcc.a(_unpack_sf.o)
                              /usr/lib/gcc/avr/4.5.3/avr5/libgcc.a(_addsub_sf.o) (__unpack_f)
/usr/lib/gcc/avr/4.5.3/avr5/libgcc.a(_fpcmp_parts_sf.o)
                              /usr/lib/gcc/avr/4.5.3/avr5/libgcc.a(_eq_sf.o) (__fpcmp_parts_f)
/usr/lib/gcc/avr/4.5.3/avr5/libgcc.a(_clz.o)
                              /usr/lib/gcc/avr/4.5.3/avr5/libgcc.a(_clzsi2.o) (__clz_tab)
/usr/lib/gcc/avr/4.5.3/../../../avr/lib/avr5/libc.a(atan.o)
                              main.o (atan)
/usr/lib/gcc/avr/4.5.3/../../../avr/lib/avr5/libc.a(fp_powser.o)
                              /usr/lib/gcc/avr/4.5.3/../../../avr/lib/avr5/libc.a(atan.o) (__fp_powser)
/usr/lib/gcc/avr/4.5.3/../../../avr/lib/avr5/libc.a(fp_round.o)
                              /usr/lib/gcc/avr/4.5.3/../../../avr/lib/avr5/libc.a(atan.o) (__fp_round)
/usr/lib/gcc/avr/4.5.3/../../../avr/lib/avr5/libc.a(inverse.o)
                              /usr/lib/gcc/avr/4.5.3/../../../avr/lib/avr5/libc.a(atan.o) (inverse)
/usr/lib/gcc/avr/4.5.3/../../../avr/lib/avr5/libc.a(mulsf3x.o)
                              /usr/lib/gcc/avr/4.5.3/../../../avr/lib/avr5/libc.a(atan.o) (__mulsf3x)
/usr/lib/gcc/avr/4.5.3/../../../avr/lib/avr5/libc.a(square.o)
                              /usr/lib/gcc/avr/4.5.3/../../../avr/lib/avr5/libc.a(atan.o) (square)
/usr/lib/gcc/avr/4.5.3/../../../avr/lib/avr5/libc.a(addsf3x.o)
                              /usr/lib/gcc/avr/4.5.3/../../../avr/lib/avr5/libc.a(atan.o) (__addsf3x)
/usr/lib/gcc/avr/4.5.3/../../../avr/lib/avr5/libc.a(fp_inf.o)
                              /usr/lib/gcc/avr/4.5.3/../../../avr/lib/avr5/libc.a(mulsf3x.o) (__fp_inf)
/usr/lib/gcc/avr/4.5.3/../../../avr/lib/avr5/libc.a(fp_nan.o)
                              /usr/lib/gcc/avr/4.5.3/../../../avr/lib/avr5/libc.a(mulsf3x.o) (__fp_nan)
/usr/lib/gcc/avr/4.5.3/../../../avr/lib/avr5/libc.a(fp_pscA.o)
                              /usr/lib/gcc/avr/4.5.3/../../../avr/lib/avr5/libc.a(mulsf3x.o) (__fp_pscA)
/usr/lib/gcc/avr/4.5.3/../../../avr/lib/avr5/libc.a(fp_pscB.o)
                              /usr/lib/gcc/avr/4.5.3/../../../avr/lib/avr5/libc.a(mulsf3x.o) (__fp_pscB)
/usr/lib/gcc/avr/4.5.3/../../../avr/lib/avr5/libc.a(fp_split3.o)
                              /usr/lib/gcc/avr/4.5.3/../../../avr/lib/avr5/libc.a(mulsf3x.o) (__fp_split3)
/usr/lib/gcc/avr/4.5.3/../../../avr/lib/avr5/libc.a(fp_zero.o)
                              /usr/lib/gcc/avr/4.5.3/../../../avr/lib/avr5/libc.a(addsf3x.o) (__fp_zero)

Memory Configuration

Name             Origin             Length             Attributes
text             0x00000000         0x00020000         xr
data             0x00800060         0x0000ffa0         rw !x
eeprom           0x00810000         0x00010000         rw !x
fuse             0x00820000         0x00000400         rw !x
lock             0x00830000         0x00000400         rw !x
signature        0x00840000         0x00000400         rw !x
*default*        0x00000000         0xffffffff

Linker script and memory map

LOAD /usr/lib/gcc/avr/4.5.3/../../../avr/lib/avr5/crtm16.o
LOAD /usr/lib/gcc/avr/4.5.3/../../../avr/lib/avr5/libm.a
LOAD main.o
LOAD /usr/lib/gcc/avr/4.5.3/avr5/libgcc.a
LOAD /usr/lib/gcc/avr/4.5.3/../../../avr/lib/avr5/libc.a
LOAD /usr/lib/gcc/avr/4.5.3/avr5/libgcc.a

.hash
 *(.hash)

.dynsym
 *(.dynsym)

.dynstr
 *(.dynstr)

.gnu.version
 *(.gnu.version)

.gnu.version_d
 *(.gnu.version_d)

.gnu.version_r
 *(.gnu.version_r)

.rel.init
 *(.rel.init)

.rela.init
 *(.rela.init)

.rel.text
 *(.rel.text)
 *(.rel.text.*)
 *(.rel.gnu.linkonce.t*)

.rela.text
 *(.rela.text)
 *(.rela.text.*)
 *(.rela.gnu.linkonce.t*)

.rel.fini
 *(.rel.fini)

.rela.fini
 *(.rela.fini)

.rel.rodata
 *(.rel.rodata)
 *(.rel.rodata.*)
 *(.rel.gnu.linkonce.r*)

.rela.rodata
 *(.rela.rodata)
 *(.rela.rodata.*)
 *(.rela.gnu.linkonce.r*)

.rel.data
 *(.rel.data)
 *(.rel.data.*)
 *(.rel.gnu.linkonce.d*)

.rela.data
 *(.rela.data)
 *(.rela.data.*)
 *(.rela.gnu.linkonce.d*)

.rel.ctors
 *(.rel.ctors)

.rela.ctors
 *(.rela.ctors)

.rel.dtors
 *(.rel.dtors)

.rela.dtors
 *(.rela.dtors)

.rel.got
 *(.rel.got)

.rela.got
 *(.rela.got)

.rel.bss
 *(.rel.bss)

.rela.bss
 *(.rela.bss)

.rel.plt
 *(.rel.plt)

.rela.plt
 *(.rela.plt)

.text           0x00000000     0x1742
 *(.vectors)
 .vectors       0x00000000       0x54 /usr/lib/gcc/avr/4.5.3/../../../avr/lib/avr5/crtm16.o
                0x00000000                __vectors
                0x00000000                __vector_default
 *(.vectors)
 *(.progmem.gcc*)
 .progmem.gcc_fplib
                0x00000054       0x2d /usr/lib/gcc/avr/4.5.3/../../../avr/lib/avr5/libc.a(atan.o)
 *(.progmem*)
                0x00000082                . = ALIGN (0x2)
 *fill*         0x00000081        0x1 00
                0x00000082                __trampolines_start = .
 *(.trampolines)
 .trampolines   0x00000082        0x0 linker stubs
 *(.trampolines*)
                0x00000082                __trampolines_end = .
 *(.jumptables)
 *(.jumptables*)
 *(.lowtext)
 *(.lowtext*)
                0x00000082                __ctors_start = .
 *(.ctors)
                0x00000082                __ctors_end = .
                0x00000082                __dtors_start = .
 *(.dtors)
                0x00000082                __dtors_end = .
 SORT(*)(.ctors)
 SORT(*)(.dtors)
 *(.init0)
 .init0         0x00000082        0x0 /usr/lib/gcc/avr/4.5.3/../../../avr/lib/avr5/crtm16.o
                0x00000082                __init
 *(.init0)
 *(.init1)
 *(.init1)
 *(.init2)
 .init2         0x00000082        0xc /usr/lib/gcc/avr/4.5.3/../../../avr/lib/avr5/crtm16.o
 *(.init2)
 *(.init3)
 *(.init3)
 *(.init4)
 .init4         0x0000008e       0x16 /usr/lib/gcc/avr/4.5.3/avr5/libgcc.a(_copy_data.o)
                0x0000008e                __do_copy_data
 *(.init4)
 *(.init5)
 *(.init5)
 *(.init6)
 *(.init6)
 *(.init7)
 *(.init7)
 *(.init8)
 *(.init8)
 *(.init9)
 .init9         0x000000a4        0x8 /usr/lib/gcc/avr/4.5.3/../../../avr/lib/avr5/crtm16.o
 *(.init9)
 *(.text)
 .text          0x000000ac        0x4 /usr/lib/gcc/avr/4.5.3/../../../avr/lib/avr5/crtm16.o
                0x000000ac                __vector_1
                0x000000ac                __vector_12
                0x000000ac                __bad_interrupt
                0x000000ac                __vector_6
                0x000000ac                __vector_3
                0x000000ac                __vector_11
                0x000000ac                __vector_13
                0x000000ac                __vector_17
                0x000000ac                __vector_19
                0x000000ac                __vector_7
                0x000000ac                __vector_5
                0x000000ac                __vector_4
                0x000000ac                __vector_9
                0x000000ac                __vector_2
                0x000000ac                __vector_15
                0x000000ac                __vector_8
                0x000000ac                __vector_14
                0x000000ac                __vector_10
                0x000000ac                __vector_16
                0x000000ac                __vector_18
                0x000000ac                __vector_20
 .text          0x000000b0      0x6fa main.o
                0x000000b0                init_ports
                0x000000c8                select_ADC_port
                0x000000d4                initial_anglexy
                0x000000ea                initial_anglexz
                0x00000118                initial_angleyz
                0x00000146                print_Angle_Binary
                0x00000310                print_Decimes
                0x00000638                print_Time_Binary
                0x0000068e                main
                0x000007a2                final_distance
 .text          0x000007aa        0x0 /usr/lib/gcc/avr/4.5.3/avr5/libgcc.a(_exit.o)
 .text          0x000007aa      0x350 /usr/lib/gcc/avr/4.5.3/avr5/libgcc.a(_addsub_sf.o)
                0x00000a3e                __addsf3
                0x00000a98                __subsf3
 .text          0x00000afa      0x1f4 /usr/lib/gcc/avr/4.5.3/avr5/libgcc.a(_mul_sf.o)
                0x00000afa                __mulsf3
 .text          0x00000cee      0x15c /usr/lib/gcc/avr/4.5.3/avr5/libgcc.a(_div_sf.o)
                0x00000cee                __divsf3
 .text          0x00000e4a       0x60 /usr/lib/gcc/avr/4.5.3/avr5/libgcc.a(_eq_sf.o)
                0x00000e4a                __eqsf2
 .text          0x00000eaa       0x60 /usr/lib/gcc/avr/4.5.3/avr5/libgcc.a(_gt_sf.o)
                0x00000eaa                __gtsf2
 .text          0x00000f0a       0x60 /usr/lib/gcc/avr/4.5.3/avr5/libgcc.a(_ge_sf.o)
                0x00000f0a                __gesf2
 .text          0x00000f6a       0xc0 /usr/lib/gcc/avr/4.5.3/avr5/libgcc.a(_si_to_sf.o)
                0x00000f6a                __floatsisf
 .text          0x0000102a        0x0 /usr/lib/gcc/avr/4.5.3/avr5/libgcc.a(_thenan_sf.o)
 .text          0x0000102a        0x0 /usr/lib/gcc/avr/4.5.3/avr5/libgcc.a(_prologue.o)
 .text          0x0000102a        0x0 /usr/lib/gcc/avr/4.5.3/avr5/libgcc.a(_epilogue.o)
 .text          0x0000102a        0x0 /usr/lib/gcc/avr/4.5.3/avr5/libgcc.a(_copy_data.o)
 .text          0x0000102a       0xb4 /usr/lib/gcc/avr/4.5.3/avr5/libgcc.a(_clzsi2.o)
                0x0000102a                __clzsi2
 .text          0x000010de      0x19c /usr/lib/gcc/avr/4.5.3/avr5/libgcc.a(_pack_sf.o)
                0x000010de                __pack_f
 .text          0x0000127a       0xd2 /usr/lib/gcc/avr/4.5.3/avr5/libgcc.a(_unpack_sf.o)
                0x0000127a                __unpack_f
 .text          0x0000134c       0xb2 /usr/lib/gcc/avr/4.5.3/avr5/libgcc.a(_fpcmp_parts_sf.o)
                0x0000134c                __fpcmp_parts_f
 .text          0x000013fe        0x0 /usr/lib/gcc/avr/4.5.3/avr5/libgcc.a(_clz.o)
 .text          0x000013fe        0x0 /usr/lib/gcc/avr/4.5.3/../../../avr/lib/avr5/libc.a(atan.o)
 .text          0x000013fe        0x0 /usr/lib/gcc/avr/4.5.3/../../../avr/lib/avr5/libc.a(fp_powser.o)
 .text          0x000013fe        0x0 /usr/lib/gcc/avr/4.5.3/../../../avr/lib/avr5/libc.a(fp_round.o)
 .text          0x000013fe        0x0 /usr/lib/gcc/avr/4.5.3/../../../avr/lib/avr5/libc.a(inverse.o)
 .text          0x000013fe        0x0 /usr/lib/gcc/avr/4.5.3/../../../avr/lib/avr5/libc.a(mulsf3x.o)
 .text          0x000013fe        0x0 /usr/lib/gcc/avr/4.5.3/../../../avr/lib/avr5/libc.a(square.o)
 .text          0x000013fe        0x0 /usr/lib/gcc/avr/4.5.3/../../../avr/lib/avr5/libc.a(addsf3x.o)
 .text          0x000013fe        0x0 /usr/lib/gcc/avr/4.5.3/../../../avr/lib/avr5/libc.a(fp_inf.o)
 .text          0x000013fe        0x0 /usr/lib/gcc/avr/4.5.3/../../../avr/lib/avr5/libc.a(fp_nan.o)
 .text          0x000013fe        0x0 /usr/lib/gcc/avr/4.5.3/../../../avr/lib/avr5/libc.a(fp_pscA.o)
 .text          0x000013fe        0x0 /usr/lib/gcc/avr/4.5.3/../../../avr/lib/avr5/libc.a(fp_pscB.o)
 .text          0x000013fe        0x0 /usr/lib/gcc/avr/4.5.3/../../../avr/lib/avr5/libc.a(fp_split3.o)
 .text          0x000013fe        0x0 /usr/lib/gcc/avr/4.5.3/../../../avr/lib/avr5/libc.a(fp_zero.o)
                0x000013fe                . = ALIGN (0x2)
 *(.text.*)
 .text.libgcc   0x000013fe        0x0 /usr/lib/gcc/avr/4.5.3/avr5/libgcc.a(_exit.o)
 .text.libgcc   0x000013fe       0x38 /usr/lib/gcc/avr/4.5.3/avr5/libgcc.a(_prologue.o)
                0x000013fe                __prologue_saves__
 .text.libgcc   0x00001436       0x36 /usr/lib/gcc/avr/4.5.3/avr5/libgcc.a(_epilogue.o)
                0x00001436                __epilogue_restores__
 .text.libgcc   0x0000146c        0x0 /usr/lib/gcc/avr/4.5.3/avr5/libgcc.a(_copy_data.o)
 .text.avr-libc.fplib
                0x0000146c       0x50 /usr/lib/gcc/avr/4.5.3/../../../avr/lib/avr5/libc.a(atan.o)
                0x0000146c                atan
 .text.avr-libc.fplib
                0x000014bc       0x4a /usr/lib/gcc/avr/4.5.3/../../../avr/lib/avr5/libc.a(fp_powser.o)
                0x000014bc                __fp_powser
 .text.avr-libc.fplib
                0x00001506       0x22 /usr/lib/gcc/avr/4.5.3/../../../avr/lib/avr5/libc.a(fp_round.o)
                0x00001506                __fp_round
 .text.avr-libc.fplib
                0x00001528        0xe /usr/lib/gcc/avr/4.5.3/../../../avr/lib/avr5/libc.a(inverse.o)
                0x00001528                inverse
 .text.avr-libc.fplib
                0x00001536       0xc2 /usr/lib/gcc/avr/4.5.3/../../../avr/lib/avr5/libc.a(mulsf3x.o)
                0x0000154a                __mulsf3x
                0x0000154e                __mulsf3_pse
 .text.avr-libc.fplib
                0x000015f8        0x6 /usr/lib/gcc/avr/4.5.3/../../../avr/lib/avr5/libc.a(square.o)
                0x000015f8                square
 .text.avr-libc.fplib
                0x000015fe       0xc0 /usr/lib/gcc/avr/4.5.3/../../../avr/lib/avr5/libc.a(addsf3x.o)
                0x00001618                __addsf3x
 .text.avr-libc.fplib
                0x000016be        0xc /usr/lib/gcc/avr/4.5.3/../../../avr/lib/avr5/libc.a(fp_inf.o)
                0x000016be                __fp_inf
 .text.avr-libc.fplib
                0x000016ca        0x6 /usr/lib/gcc/avr/4.5.3/../../../avr/lib/avr5/libc.a(fp_nan.o)
                0x000016ca                __fp_nan
 .text.avr-libc.fplib
                0x000016d0        0xe /usr/lib/gcc/avr/4.5.3/../../../avr/lib/avr5/libc.a(fp_pscA.o)
                0x000016d0                __fp_pscA
 .text.avr-libc.fplib
                0x000016de        0xe /usr/lib/gcc/avr/4.5.3/../../../avr/lib/avr5/libc.a(fp_pscB.o)
                0x000016de                __fp_pscB
 .text.avr-libc.fplib
                0x000016ec       0x44 /usr/lib/gcc/avr/4.5.3/../../../avr/lib/avr5/libc.a(fp_split3.o)
                0x000016ec                __fp_split3
                0x000016fc                __fp_splitA
 .text.avr-libc.fplib
                0x00001730        0xe /usr/lib/gcc/avr/4.5.3/../../../avr/lib/avr5/libc.a(fp_zero.o)
                0x00001730                __fp_zero
                0x00001732                __fp_szero
                0x0000173e                . = ALIGN (0x2)
 *(.fini9)
 .fini9         0x0000173e        0x0 /usr/lib/gcc/avr/4.5.3/avr5/libgcc.a(_exit.o)
                0x0000173e                exit
                0x0000173e                _exit
 *(.fini9)
 *(.fini8)
 *(.fini8)
 *(.fini7)
 *(.fini7)
 *(.fini6)
 *(.fini6)
 *(.fini5)
 *(.fini5)
 *(.fini4)
 *(.fini4)
 *(.fini3)
 *(.fini3)
 *(.fini2)
 *(.fini2)
 *(.fini1)
 *(.fini1)
 *(.fini0)
 .fini0         0x0000173e        0x4 /usr/lib/gcc/avr/4.5.3/avr5/libgcc.a(_exit.o)
 *(.fini0)
                0x00001742                _etext = .

.data           0x00800060      0x108 load address 0x00001742
                0x00800060                PROVIDE (__data_start, .)
 *(.data)
 .data          0x00800060        0x0 /usr/lib/gcc/avr/4.5.3/../../../avr/lib/avr5/crtm16.o
 .data          0x00800060        0x0 main.o
 .data          0x00800060        0x0 /usr/lib/gcc/avr/4.5.3/avr5/libgcc.a(_exit.o)
 .data          0x00800060        0x0 /usr/lib/gcc/avr/4.5.3/avr5/libgcc.a(_addsub_sf.o)
 .data          0x00800060        0x0 /usr/lib/gcc/avr/4.5.3/avr5/libgcc.a(_mul_sf.o)
 .data          0x00800060        0x0 /usr/lib/gcc/avr/4.5.3/avr5/libgcc.a(_div_sf.o)
 .data          0x00800060        0x0 /usr/lib/gcc/avr/4.5.3/avr5/libgcc.a(_eq_sf.o)
 .data          0x00800060        0x0 /usr/lib/gcc/avr/4.5.3/avr5/libgcc.a(_gt_sf.o)
 .data          0x00800060        0x0 /usr/lib/gcc/avr/4.5.3/avr5/libgcc.a(_ge_sf.o)
 .data          0x00800060        0x0 /usr/lib/gcc/avr/4.5.3/avr5/libgcc.a(_si_to_sf.o)
 .data          0x00800060        0x8 /usr/lib/gcc/avr/4.5.3/avr5/libgcc.a(_thenan_sf.o)
                0x00800060                __thenan_sf
 .data          0x00800068        0x0 /usr/lib/gcc/avr/4.5.3/avr5/libgcc.a(_prologue.o)
 .data          0x00800068        0x0 /usr/lib/gcc/avr/4.5.3/avr5/libgcc.a(_epilogue.o)
 .data          0x00800068        0x0 /usr/lib/gcc/avr/4.5.3/avr5/libgcc.a(_copy_data.o)
 .data          0x00800068        0x0 /usr/lib/gcc/avr/4.5.3/avr5/libgcc.a(_clzsi2.o)
 .data          0x00800068        0x0 /usr/lib/gcc/avr/4.5.3/avr5/libgcc.a(_pack_sf.o)
 .data          0x00800068        0x0 /usr/lib/gcc/avr/4.5.3/avr5/libgcc.a(_unpack_sf.o)
 .data          0x00800068        0x0 /usr/lib/gcc/avr/4.5.3/avr5/libgcc.a(_fpcmp_parts_sf.o)
 .data          0x00800068      0x100 /usr/lib/gcc/avr/4.5.3/avr5/libgcc.a(_clz.o)
                0x00800068                __clz_tab
 .data          0x00800168        0x0 /usr/lib/gcc/avr/4.5.3/../../../avr/lib/avr5/libc.a(atan.o)
 .data          0x00800168        0x0 /usr/lib/gcc/avr/4.5.3/../../../avr/lib/avr5/libc.a(fp_powser.o)
 .data          0x00800168        0x0 /usr/lib/gcc/avr/4.5.3/../../../avr/lib/avr5/libc.a(fp_round.o)
 .data          0x00800168        0x0 /usr/lib/gcc/avr/4.5.3/../../../avr/lib/avr5/libc.a(inverse.o)
 .data          0x00800168        0x0 /usr/lib/gcc/avr/4.5.3/../../../avr/lib/avr5/libc.a(mulsf3x.o)
 .data          0x00800168        0x0 /usr/lib/gcc/avr/4.5.3/../../../avr/lib/avr5/libc.a(square.o)
 .data          0x00800168        0x0 /usr/lib/gcc/avr/4.5.3/../../../avr/lib/avr5/libc.a(addsf3x.o)
 .data          0x00800168        0x0 /usr/lib/gcc/avr/4.5.3/../../../avr/lib/avr5/libc.a(fp_inf.o)
 .data          0x00800168        0x0 /usr/lib/gcc/avr/4.5.3/../../../avr/lib/avr5/libc.a(fp_nan.o)
 .data          0x00800168        0x0 /usr/lib/gcc/avr/4.5.3/../../../avr/lib/avr5/libc.a(fp_pscA.o)
 .data          0x00800168        0x0 /usr/lib/gcc/avr/4.5.3/../../../avr/lib/avr5/libc.a(fp_pscB.o)
 .data          0x00800168        0x0 /usr/lib/gcc/avr/4.5.3/../../../avr/lib/avr5/libc.a(fp_split3.o)
 .data          0x00800168        0x0 /usr/lib/gcc/avr/4.5.3/../../../avr/lib/avr5/libc.a(fp_zero.o)
 *(.data*)
 *(.rodata)
 *(.rodata*)
 *(.gnu.linkonce.d*)
                0x00800168                . = ALIGN (0x2)
                0x00800168                _edata = .
                0x00800168                PROVIDE (__data_end, .)

.bss            0x00800168        0x0
                0x00800168                PROVIDE (__bss_start, .)
 *(.bss)
 .bss           0x00800168        0x0 /usr/lib/gcc/avr/4.5.3/../../../avr/lib/avr5/crtm16.o
 .bss           0x00800168        0x0 main.o
 .bss           0x00800168        0x0 /usr/lib/gcc/avr/4.5.3/avr5/libgcc.a(_exit.o)
 .bss           0x00800168        0x0 /usr/lib/gcc/avr/4.5.3/avr5/libgcc.a(_addsub_sf.o)
 .bss           0x00800168        0x0 /usr/lib/gcc/avr/4.5.3/avr5/libgcc.a(_mul_sf.o)
 .bss           0x00800168        0x0 /usr/lib/gcc/avr/4.5.3/avr5/libgcc.a(_div_sf.o)
 .bss           0x00800168        0x0 /usr/lib/gcc/avr/4.5.3/avr5/libgcc.a(_eq_sf.o)
 .bss           0x00800168        0x0 /usr/lib/gcc/avr/4.5.3/avr5/libgcc.a(_gt_sf.o)
 .bss           0x00800168        0x0 /usr/lib/gcc/avr/4.5.3/avr5/libgcc.a(_ge_sf.o)
 .bss           0x00800168        0x0 /usr/lib/gcc/avr/4.5.3/avr5/libgcc.a(_si_to_sf.o)
 .bss           0x00800168        0x0 /usr/lib/gcc/avr/4.5.3/avr5/libgcc.a(_thenan_sf.o)
 .bss           0x00800168        0x0 /usr/lib/gcc/avr/4.5.3/avr5/libgcc.a(_prologue.o)
 .bss           0x00800168        0x0 /usr/lib/gcc/avr/4.5.3/avr5/libgcc.a(_epilogue.o)
 .bss           0x00800168        0x0 /usr/lib/gcc/avr/4.5.3/avr5/libgcc.a(_copy_data.o)
 .bss           0x00800168        0x0 /usr/lib/gcc/avr/4.5.3/avr5/libgcc.a(_clzsi2.o)
 .bss           0x00800168        0x0 /usr/lib/gcc/avr/4.5.3/avr5/libgcc.a(_pack_sf.o)
 .bss           0x00800168        0x0 /usr/lib/gcc/avr/4.5.3/avr5/libgcc.a(_unpack_sf.o)
 .bss           0x00800168        0x0 /usr/lib/gcc/avr/4.5.3/avr5/libgcc.a(_fpcmp_parts_sf.o)
 .bss           0x00800168        0x0 /usr/lib/gcc/avr/4.5.3/avr5/libgcc.a(_clz.o)
 .bss           0x00800168        0x0 /usr/lib/gcc/avr/4.5.3/../../../avr/lib/avr5/libc.a(atan.o)
 .bss           0x00800168        0x0 /usr/lib/gcc/avr/4.5.3/../../../avr/lib/avr5/libc.a(fp_powser.o)
 .bss           0x00800168        0x0 /usr/lib/gcc/avr/4.5.3/../../../avr/lib/avr5/libc.a(fp_round.o)
 .bss           0x00800168        0x0 /usr/lib/gcc/avr/4.5.3/../../../avr/lib/avr5/libc.a(inverse.o)
 .bss           0x00800168        0x0 /usr/lib/gcc/avr/4.5.3/../../../avr/lib/avr5/libc.a(mulsf3x.o)
 .bss           0x00800168        0x0 /usr/lib/gcc/avr/4.5.3/../../../avr/lib/avr5/libc.a(square.o)
 .bss           0x00800168        0x0 /usr/lib/gcc/avr/4.5.3/../../../avr/lib/avr5/libc.a(addsf3x.o)
 .bss           0x00800168        0x0 /usr/lib/gcc/avr/4.5.3/../../../avr/lib/avr5/libc.a(fp_inf.o)
 .bss           0x00800168        0x0 /usr/lib/gcc/avr/4.5.3/../../../avr/lib/avr5/libc.a(fp_nan.o)
 .bss           0x00800168        0x0 /usr/lib/gcc/avr/4.5.3/../../../avr/lib/avr5/libc.a(fp_pscA.o)
 .bss           0x00800168        0x0 /usr/lib/gcc/avr/4.5.3/../../../avr/lib/avr5/libc.a(fp_pscB.o)
 .bss           0x00800168        0x0 /usr/lib/gcc/avr/4.5.3/../../../avr/lib/avr5/libc.a(fp_split3.o)
 .bss           0x00800168        0x0 /usr/lib/gcc/avr/4.5.3/../../../avr/lib/avr5/libc.a(fp_zero.o)
 *(.bss*)
 *(COMMON)
                0x00800168                PROVIDE (__bss_end, .)
                0x00001742                __data_load_start = LOADADDR (.data)
                0x0000184a                __data_load_end = (__data_load_start + SIZEOF (.data))

.noinit         0x00800168        0x0
                0x00800168                PROVIDE (__noinit_start, .)
 *(.noinit*)
                0x00800168                PROVIDE (__noinit_end, .)
                0x00800168                _end = .
                0x00800168                PROVIDE (__heap_start, .)

.eeprom         0x00810000        0x0
 *(.eeprom*)
                0x00810000                __eeprom_end = .

.fuse
 *(.fuse)
 *(.lfuse)
 *(.hfuse)
 *(.efuse)

.lock
 *(.lock*)

.signature
 *(.signature*)

.stab           0x00000000     0x26d0
 *(.stab)
 .stab          0x00000000      0x6cc /usr/lib/gcc/avr/4.5.3/../../../avr/lib/avr5/crtm16.o
 .stab          0x000006cc      0xc6c main.o
                                0xc78 (size before relaxing)
 .stab          0x00001338      0x210 /usr/lib/gcc/avr/4.5.3/../../../avr/lib/avr5/libc.a(atan.o)
                                0x21c (size before relaxing)
 .stab          0x00001548      0x1ec /usr/lib/gcc/avr/4.5.3/../../../avr/lib/avr5/libc.a(fp_powser.o)
                                0x1f8 (size before relaxing)
 .stab          0x00001734       0xfc /usr/lib/gcc/avr/4.5.3/../../../avr/lib/avr5/libc.a(fp_round.o)
                                0x108 (size before relaxing)
 .stab          0x00001830       0x84 /usr/lib/gcc/avr/4.5.3/../../../avr/lib/avr5/libc.a(inverse.o)
                                 0x90 (size before relaxing)
 .stab          0x000018b4      0x4d4 /usr/lib/gcc/avr/4.5.3/../../../avr/lib/avr5/libc.a(mulsf3x.o)
                                0x4e0 (size before relaxing)
 .stab          0x00001d88       0x54 /usr/lib/gcc/avr/4.5.3/../../../avr/lib/avr5/libc.a(square.o)
                                 0x60 (size before relaxing)
 .stab          0x00001ddc      0x4bc /usr/lib/gcc/avr/4.5.3/../../../avr/lib/avr5/libc.a(addsf3x.o)
                                0x4c8 (size before relaxing)
 .stab          0x00002298       0x78 /usr/lib/gcc/avr/4.5.3/../../../avr/lib/avr5/libc.a(fp_inf.o)
                                 0x84 (size before relaxing)
 .stab          0x00002310       0x54 /usr/lib/gcc/avr/4.5.3/../../../avr/lib/avr5/libc.a(fp_nan.o)
                                 0x60 (size before relaxing)
 .stab          0x00002364       0x84 /usr/lib/gcc/avr/4.5.3/../../../avr/lib/avr5/libc.a(fp_pscA.o)
                                 0x90 (size before relaxing)
 .stab          0x000023e8       0x84 /usr/lib/gcc/avr/4.5.3/../../../avr/lib/avr5/libc.a(fp_pscB.o)
                                 0x90 (size before relaxing)
 .stab          0x0000246c      0x1d4 /usr/lib/gcc/avr/4.5.3/../../../avr/lib/avr5/libc.a(fp_split3.o)
                                0x1e0 (size before relaxing)
 .stab          0x00002640       0x90 /usr/lib/gcc/avr/4.5.3/../../../avr/lib/avr5/libc.a(fp_zero.o)
                                 0x9c (size before relaxing)

.stabstr        0x00000000      0xbb3
 *(.stabstr)
 .stabstr       0x00000000      0xbb3 /usr/lib/gcc/avr/4.5.3/../../../avr/lib/avr5/crtm16.o

.stab.excl
 *(.stab.excl)

.stab.exclstr
 *(.stab.exclstr)

.stab.index
 *(.stab.index)

.stab.indexstr
 *(.stab.indexstr)

.comment
 *(.comment)

.debug
 *(.debug)

.line
 *(.line)

.debug_srcinfo
 *(.debug_srcinfo)

.debug_sfnames
 *(.debug_sfnames)

.debug_aranges
 *(.debug_aranges)

.debug_pubnames
 *(.debug_pubnames)

.debug_info
 *(.debug_info)
 *(.gnu.linkonce.wi.*)

.debug_abbrev
 *(.debug_abbrev)

.debug_line
 *(.debug_line)

.debug_frame
 *(.debug_frame)

.debug_str
 *(.debug_str)

.debug_loc
 *(.debug_loc)

.debug_macinfo
 *(.debug_macinfo)
OUTPUT(demomain.out elf32-avr)
LOAD linker stubs
